// Jest Snapshot v1, https://goo.gl/fbAQLP

exports[`IndexPage renders without crashing 1`] = `
ShallowWrapper {
  "complexSelector": ComplexSelector {
    "buildPredicate": [Function],
    "childrenOfNode": [Function],
    "findWhereUnwrapped": [Function],
  },
  "length": 1,
  "node": <div
    className="container"
>
    <div
        className="row"
    >
        <div
            className="col-xs-6"
        >
            <div
                className="jumbotron"
            >
                <div
                    className="row greyColor"
                >
                    <div>
                        <MdFeedback
                            className="frontPageIcon"
                            size={35}
                        />
                        <h3
                            className="inline"
                        >
                            FEEDBACKS
                        </h3>
                    </div>
                    <hr
                        className="marginTop7"
                    />
                    <div>
                        <h5
                            className="frontPageSection"
                        >
                            <big>
                                As a students you can 
                                <strong>
                                    send
                                </strong>
                                 specified feedback in all courses you are enrolled in. You can also 
                                <strong>
                                    view
                                </strong>
                                 feedback from other students. And if you agree? 
                                <strong>
                                    Like
                                </strong>
                                 their feedback so they know they are not alone. If it get enough likes, maybe your teacher will give you a 
                                <strong>
                                    response
                                </strong>
                                ?
                            </big>
                        </h5>
                    </div>
                </div>
            </div>
        </div>
        <div
            className="col-xs-6"
        >
            <div
                className="jumbotron"
            >
                <div
                    className="row greyColor"
                >
                    <div>
                        <FaQuestion
                            className="frontPageIcon"
                            size={30}
                        />
                        <h3
                            className="inline"
                        >
                            QUERIES
                        </h3>
                    </div>
                    <hr
                        className="marginTop7"
                    />
                    <div>
                        <h5
                            className="frontPageSection"
                        >
                            <big>
                                As a lecturer you can 
                                <strong>
                                    make
                                </strong>
                                 your own queries. 
                                <strong>
                                    Add
                                </strong>
                                 as many questions as you like,
                                <strong>
                                     choose
                                </strong>
                                 between different question types and 
                                <strong>
                                    ask
                                </strong>
                                 your students. Wait and get 
                                <strong>
                                    responses
                                </strong>
                                 from your students on 
                                <strong>
                                    what you want to know
                                </strong>
                                .
                            </big>
                        </h5>
                    </div>
                </div>
            </div>
        </div>
        <Authenticated>
            <div
                className="container"
            >
                <div
                    className="col-xs-7"
                >
                    <div
                        className="panel panel-info"
                    >
                        <div
                            className="panel-heading"
                        >
                            <div
                                className=""
                            >
                                <button
                                    className="btn btn-info pull-left"
                                >
                                    Recent feedback
                                </button>
                                <button
                                    className="btn btn-info pull-right"
                                >
                                    Latest responses
                                </button>
                                <button
                                    className="btn btn-info hCenter"
                                >
                                    Most upvoted
                                </button>
                            </div>
                        </div>
                        <div
                            className="panel-body"
                        >
                            <ul
                                className="list-group"
                            >
                                <li
                                    className="list-group-item"
                                >
                                    First
                                </li>
                                <li
                                    className="list-group-item"
                                >
                                    Second
                                </li>
                                <li
                                    className="list-group-item"
                                >
                                    Third
                                </li>
                            </ul>
                        </div>
                    </div>
                </div>
                <div
                    className="col-xs-5"
                >
                    <div
                        className="panel panel-info"
                    >
                        <div
                            className="panel-heading"
                        >
                            <h3
                                className="panel-title"
                            >
                                User information:
                            </h3>
                        </div>
                        <div
                            className="panel-body"
                        >
                            <table
                                className="table"
                            >
                                <tbody>
                                    <tr>
                                        <th>
                                            Name:
                                        </th>
                                        <td />
                                    </tr>
                                    <tr>
                                        <th>
                                            Email:
                                        </th>
                                        <td />
                                    </tr>
                                    <tr>
                                        <th>
                                            Position:
                                        </th>
                                        <td />
                                    </tr>
                                    <tr>
                                        <th>
                                            Member since:
                                        </th>
                                        <td />
                                    </tr>
                                </tbody>
                            </table>
                        </div>
                    </div>
                </div>
            </div>
        </Authenticated>
        <NotAuthenticated
            className="notAuthenticated"
        >
            <div
                className="col-xs-7"
            >
                <div
                    className="panel panel-info"
                >
                    <div
                        className="panel-heading"
                    >
                        <h4
                            className="text-center"
                        >
                            Get started!
                        </h4>
                    </div>
                    <div
                        className="panel-body"
                    >
                        <h5>
                            Start sending feedback to your lecturers, right away!
                        </h5>
                        <p>
                            <em>
                                Create a user, sign up for courses and send feedback
                            </em>
                        </p>
                        <Link
                            onlyActiveOnIndex={false}
                            style={Object {}}
                            to="/register"
                        >
                            <button
                                className="btn btn-default"
                            >
                                REGISTER
                            </button>
                        </Link>
                    </div>
                </div>
            </div>
            <div
                className="col-xs-5"
            >
                <div
                    className="panel panel-info"
                >
                    <div
                        className="panel-heading"
                    >
                        <h4
                            className="text-center"
                        >
                            Already have a user?
                        </h4>
                    </div>
                    <div
                        className="panel-body"
                    >
                        <p>
                            Let your lecturers know what you think, logg in and start sending feedback now.
                        </p>
                        <Link
                            onlyActiveOnIndex={false}
                            style={Object {}}
                            to="/login"
                        >
                            <button
                                className="btn btn-default"
                            >
                                LOGG INN
                            </button>
                        </Link>
                    </div>
                </div>
            </div>
        </NotAuthenticated>
    </div>
</div>,
  "nodes": Array [
    <div
      className="container"
>
      <div
            className="row"
      >
            <div
                  className="col-xs-6"
            >
                  <div
                        className="jumbotron"
                  >
                        <div
                              className="row greyColor"
                        >
                              <div>
                                    <MdFeedback
                                          className="frontPageIcon"
                                          size={35}
                                    />
                                    <h3
                                          className="inline"
                                    >
                                          FEEDBACKS
                                    </h3>
                              </div>
                              <hr
                                    className="marginTop7"
                              />
                              <div>
                                    <h5
                                          className="frontPageSection"
                                    >
                                          <big>
                                                As a students you can 
                                                <strong>
                                                      send
                                                </strong>
                                                 specified feedback in all courses you are enrolled in. You can also 
                                                <strong>
                                                      view
                                                </strong>
                                                 feedback from other students. And if you agree? 
                                                <strong>
                                                      Like
                                                </strong>
                                                 their feedback so they know they are not alone. If it get enough likes, maybe your teacher will give you a 
                                                <strong>
                                                      response
                                                </strong>
                                                ?
                                          </big>
                                    </h5>
                              </div>
                        </div>
                  </div>
            </div>
            <div
                  className="col-xs-6"
            >
                  <div
                        className="jumbotron"
                  >
                        <div
                              className="row greyColor"
                        >
                              <div>
                                    <FaQuestion
                                          className="frontPageIcon"
                                          size={30}
                                    />
                                    <h3
                                          className="inline"
                                    >
                                          QUERIES
                                    </h3>
                              </div>
                              <hr
                                    className="marginTop7"
                              />
                              <div>
                                    <h5
                                          className="frontPageSection"
                                    >
                                          <big>
                                                As a lecturer you can 
                                                <strong>
                                                      make
                                                </strong>
                                                 your own queries. 
                                                <strong>
                                                      Add
                                                </strong>
                                                 as many questions as you like,
                                                <strong>
                                                       choose
                                                </strong>
                                                 between different question types and 
                                                <strong>
                                                      ask
                                                </strong>
                                                 your students. Wait and get 
                                                <strong>
                                                      responses
                                                </strong>
                                                 from your students on 
                                                <strong>
                                                      what you want to know
                                                </strong>
                                                .
                                          </big>
                                    </h5>
                              </div>
                        </div>
                  </div>
            </div>
            <Authenticated>
                  <div
                        className="container"
                  >
                        <div
                              className="col-xs-7"
                        >
                              <div
                                    className="panel panel-info"
                              >
                                    <div
                                          className="panel-heading"
                                    >
                                          <div
                                                className=""
                                          >
                                                <button
                                                      className="btn btn-info pull-left"
                                                >
                                                      Recent feedback
                                                </button>
                                                <button
                                                      className="btn btn-info pull-right"
                                                >
                                                      Latest responses
                                                </button>
                                                <button
                                                      className="btn btn-info hCenter"
                                                >
                                                      Most upvoted
                                                </button>
                                          </div>
                                    </div>
                                    <div
                                          className="panel-body"
                                    >
                                          <ul
                                                className="list-group"
                                          >
                                                <li
                                                      className="list-group-item"
                                                >
                                                      First
                                                </li>
                                                <li
                                                      className="list-group-item"
                                                >
                                                      Second
                                                </li>
                                                <li
                                                      className="list-group-item"
                                                >
                                                      Third
                                                </li>
                                          </ul>
                                    </div>
                              </div>
                        </div>
                        <div
                              className="col-xs-5"
                        >
                              <div
                                    className="panel panel-info"
                              >
                                    <div
                                          className="panel-heading"
                                    >
                                          <h3
                                                className="panel-title"
                                          >
                                                User information:
                                          </h3>
                                    </div>
                                    <div
                                          className="panel-body"
                                    >
                                          <table
                                                className="table"
                                          >
                                                <tbody>
                                                      <tr>
                                                            <th>
                                                                  Name:
                                                            </th>
                                                            <td />
                                                      </tr>
                                                      <tr>
                                                            <th>
                                                                  Email:
                                                            </th>
                                                            <td />
                                                      </tr>
                                                      <tr>
                                                            <th>
                                                                  Position:
                                                            </th>
                                                            <td />
                                                      </tr>
                                                      <tr>
                                                            <th>
                                                                  Member since:
                                                            </th>
                                                            <td />
                                                      </tr>
                                                </tbody>
                                          </table>
                                    </div>
                              </div>
                        </div>
                  </div>
            </Authenticated>
            <NotAuthenticated
                  className="notAuthenticated"
            >
                  <div
                        className="col-xs-7"
                  >
                        <div
                              className="panel panel-info"
                        >
                              <div
                                    className="panel-heading"
                              >
                                    <h4
                                          className="text-center"
                                    >
                                          Get started!
                                    </h4>
                              </div>
                              <div
                                    className="panel-body"
                              >
                                    <h5>
                                          Start sending feedback to your lecturers, right away!
                                    </h5>
                                    <p>
                                          <em>
                                                Create a user, sign up for courses and send feedback
                                          </em>
                                    </p>
                                    <Link
                                          onlyActiveOnIndex={false}
                                          style={Object {}}
                                          to="/register"
                                    >
                                          <button
                                                className="btn btn-default"
                                          >
                                                REGISTER
                                          </button>
                                    </Link>
                              </div>
                        </div>
                  </div>
                  <div
                        className="col-xs-5"
                  >
                        <div
                              className="panel panel-info"
                        >
                              <div
                                    className="panel-heading"
                              >
                                    <h4
                                          className="text-center"
                                    >
                                          Already have a user?
                                    </h4>
                              </div>
                              <div
                                    className="panel-body"
                              >
                                    <p>
                                          Let your lecturers know what you think, logg in and start sending feedback now.
                                    </p>
                                    <Link
                                          onlyActiveOnIndex={false}
                                          style={Object {}}
                                          to="/login"
                                    >
                                          <button
                                                className="btn btn-default"
                                          >
                                                LOGG INN
                                          </button>
                                    </Link>
                              </div>
                        </div>
                  </div>
            </NotAuthenticated>
      </div>
</div>,
  ],
  "options": Object {},
  "renderer": ReactShallowRenderer {
    "_instance": ShallowComponentWrapper {
      "_calledComponentWillUnmount": false,
      "_compositeType": 0,
      "_context": Object {},
      "_currentElement": <IndexPage />,
      "_debugID": 1,
      "_hostContainerInfo": null,
      "_hostParent": null,
      "_instance": IndexPage {
        "_reactInternalInstance": [Circular],
        "context": Object {
          "user": undefined,
        },
        "props": Object {},
        "refs": Object {},
        "state": null,
        "updater": Object {
          "enqueueCallback": [Function],
          "enqueueCallbackInternal": [Function],
          "enqueueElementInternal": [Function],
          "enqueueForceUpdate": [Function],
          "enqueueReplaceState": [Function],
          "enqueueSetState": [Function],
          "isMounted": [Function],
          "validateCallback": [Function],
        },
      },
      "_mountOrder": 1,
      "_pendingCallbacks": null,
      "_pendingElement": null,
      "_pendingForceUpdate": false,
      "_pendingReplaceState": false,
      "_pendingStateQueue": null,
      "_renderedComponent": NoopInternalComponent {
        "_currentElement": <div
          className="container"
>
          <div
                    className="row"
          >
                    <div
                              className="col-xs-6"
                    >
                              <div
                                        className="jumbotron"
                              >
                                        <div
                                                  className="row greyColor"
                                        >
                                                  <div>
                                                            <MdFeedback
                                                                      className="frontPageIcon"
                                                                      size={35}
                                                            />
                                                            <h3
                                                                      className="inline"
                                                            >
                                                                      FEEDBACKS
                                                            </h3>
                                                  </div>
                                                  <hr
                                                            className="marginTop7"
                                                  />
                                                  <div>
                                                            <h5
                                                                      className="frontPageSection"
                                                            >
                                                                      <big>
                                                                                As a students you can 
                                                                                <strong>
                                                                                          send
                                                                                </strong>
                                                                                 specified feedback in all courses you are enrolled in. You can also 
                                                                                <strong>
                                                                                          view
                                                                                </strong>
                                                                                 feedback from other students. And if you agree? 
                                                                                <strong>
                                                                                          Like
                                                                                </strong>
                                                                                 their feedback so they know they are not alone. If it get enough likes, maybe your teacher will give you a 
                                                                                <strong>
                                                                                          response
                                                                                </strong>
                                                                                ?
                                                                      </big>
                                                            </h5>
                                                  </div>
                                        </div>
                              </div>
                    </div>
                    <div
                              className="col-xs-6"
                    >
                              <div
                                        className="jumbotron"
                              >
                                        <div
                                                  className="row greyColor"
                                        >
                                                  <div>
                                                            <FaQuestion
                                                                      className="frontPageIcon"
                                                                      size={30}
                                                            />
                                                            <h3
                                                                      className="inline"
                                                            >
                                                                      QUERIES
                                                            </h3>
                                                  </div>
                                                  <hr
                                                            className="marginTop7"
                                                  />
                                                  <div>
                                                            <h5
                                                                      className="frontPageSection"
                                                            >
                                                                      <big>
                                                                                As a lecturer you can 
                                                                                <strong>
                                                                                          make
                                                                                </strong>
                                                                                 your own queries. 
                                                                                <strong>
                                                                                          Add
                                                                                </strong>
                                                                                 as many questions as you like,
                                                                                <strong>
                                                                                           choose
                                                                                </strong>
                                                                                 between different question types and 
                                                                                <strong>
                                                                                          ask
                                                                                </strong>
                                                                                 your students. Wait and get 
                                                                                <strong>
                                                                                          responses
                                                                                </strong>
                                                                                 from your students on 
                                                                                <strong>
                                                                                          what you want to know
                                                                                </strong>
                                                                                .
                                                                      </big>
                                                            </h5>
                                                  </div>
                                        </div>
                              </div>
                    </div>
                    <Authenticated>
                              <div
                                        className="container"
                              >
                                        <div
                                                  className="col-xs-7"
                                        >
                                                  <div
                                                            className="panel panel-info"
                                                  >
                                                            <div
                                                                      className="panel-heading"
                                                            >
                                                                      <div
                                                                                className=""
                                                                      >
                                                                                <button
                                                                                          className="btn btn-info pull-left"
                                                                                >
                                                                                          Recent feedback
                                                                                </button>
                                                                                <button
                                                                                          className="btn btn-info pull-right"
                                                                                >
                                                                                          Latest responses
                                                                                </button>
                                                                                <button
                                                                                          className="btn btn-info hCenter"
                                                                                >
                                                                                          Most upvoted
                                                                                </button>
                                                                      </div>
                                                            </div>
                                                            <div
                                                                      className="panel-body"
                                                            >
                                                                      <ul
                                                                                className="list-group"
                                                                      >
                                                                                <li
                                                                                          className="list-group-item"
                                                                                >
                                                                                          First
                                                                                </li>
                                                                                <li
                                                                                          className="list-group-item"
                                                                                >
                                                                                          Second
                                                                                </li>
                                                                                <li
                                                                                          className="list-group-item"
                                                                                >
                                                                                          Third
                                                                                </li>
                                                                      </ul>
                                                            </div>
                                                  </div>
                                        </div>
                                        <div
                                                  className="col-xs-5"
                                        >
                                                  <div
                                                            className="panel panel-info"
                                                  >
                                                            <div
                                                                      className="panel-heading"
                                                            >
                                                                      <h3
                                                                                className="panel-title"
                                                                      >
                                                                                User information:
                                                                      </h3>
                                                            </div>
                                                            <div
                                                                      className="panel-body"
                                                            >
                                                                      <table
                                                                                className="table"
                                                                      >
                                                                                <tbody>
                                                                                          <tr>
                                                                                                    <th>
                                                                                                              Name:
                                                                                                    </th>
                                                                                                    <td />
                                                                                          </tr>
                                                                                          <tr>
                                                                                                    <th>
                                                                                                              Email:
                                                                                                    </th>
                                                                                                    <td />
                                                                                          </tr>
                                                                                          <tr>
                                                                                                    <th>
                                                                                                              Position:
                                                                                                    </th>
                                                                                                    <td />
                                                                                          </tr>
                                                                                          <tr>
                                                                                                    <th>
                                                                                                              Member since:
                                                                                                    </th>
                                                                                                    <td />
                                                                                          </tr>
                                                                                </tbody>
                                                                      </table>
                                                            </div>
                                                  </div>
                                        </div>
                              </div>
                    </Authenticated>
                    <NotAuthenticated
                              className="notAuthenticated"
                    >
                              <div
                                        className="col-xs-7"
                              >
                                        <div
                                                  className="panel panel-info"
                                        >
                                                  <div
                                                            className="panel-heading"
                                                  >
                                                            <h4
                                                                      className="text-center"
                                                            >
                                                                      Get started!
                                                            </h4>
                                                  </div>
                                                  <div
                                                            className="panel-body"
                                                  >
                                                            <h5>
                                                                      Start sending feedback to your lecturers, right away!
                                                            </h5>
                                                            <p>
                                                                      <em>
                                                                                Create a user, sign up for courses and send feedback
                                                                      </em>
                                                            </p>
                                                            <Link
                                                                      onlyActiveOnIndex={false}
                                                                      style={Object {}}
                                                                      to="/register"
                                                            >
                                                                      <button
                                                                                className="btn btn-default"
                                                                      >
                                                                                REGISTER
                                                                      </button>
                                                            </Link>
                                                  </div>
                                        </div>
                              </div>
                              <div
                                        className="col-xs-5"
                              >
                                        <div
                                                  className="panel panel-info"
                                        >
                                                  <div
                                                            className="panel-heading"
                                                  >
                                                            <h4
                                                                      className="text-center"
                                                            >
                                                                      Already have a user?
                                                            </h4>
                                                  </div>
                                                  <div
                                                            className="panel-body"
                                                  >
                                                            <p>
                                                                      Let your lecturers know what you think, logg in and start sending feedback now.
                                                            </p>
                                                            <Link
                                                                      onlyActiveOnIndex={false}
                                                                      style={Object {}}
                                                                      to="/login"
                                                            >
                                                                      <button
                                                                                className="btn btn-default"
                                                                      >
                                                                                LOGG INN
                                                                      </button>
                                                            </Link>
                                                  </div>
                                        </div>
                              </div>
                    </NotAuthenticated>
          </div>
</div>,
        "_debugID": 2,
        "_renderedOutput": <div
          className="container"
>
          <div
                    className="row"
          >
                    <div
                              className="col-xs-6"
                    >
                              <div
                                        className="jumbotron"
                              >
                                        <div
                                                  className="row greyColor"
                                        >
                                                  <div>
                                                            <MdFeedback
                                                                      className="frontPageIcon"
                                                                      size={35}
                                                            />
                                                            <h3
                                                                      className="inline"
                                                            >
                                                                      FEEDBACKS
                                                            </h3>
                                                  </div>
                                                  <hr
                                                            className="marginTop7"
                                                  />
                                                  <div>
                                                            <h5
                                                                      className="frontPageSection"
                                                            >
                                                                      <big>
                                                                                As a students you can 
                                                                                <strong>
                                                                                          send
                                                                                </strong>
                                                                                 specified feedback in all courses you are enrolled in. You can also 
                                                                                <strong>
                                                                                          view
                                                                                </strong>
                                                                                 feedback from other students. And if you agree? 
                                                                                <strong>
                                                                                          Like
                                                                                </strong>
                                                                                 their feedback so they know they are not alone. If it get enough likes, maybe your teacher will give you a 
                                                                                <strong>
                                                                                          response
                                                                                </strong>
                                                                                ?
                                                                      </big>
                                                            </h5>
                                                  </div>
                                        </div>
                              </div>
                    </div>
                    <div
                              className="col-xs-6"
                    >
                              <div
                                        className="jumbotron"
                              >
                                        <div
                                                  className="row greyColor"
                                        >
                                                  <div>
                                                            <FaQuestion
                                                                      className="frontPageIcon"
                                                                      size={30}
                                                            />
                                                            <h3
                                                                      className="inline"
                                                            >
                                                                      QUERIES
                                                            </h3>
                                                  </div>
                                                  <hr
                                                            className="marginTop7"
                                                  />
                                                  <div>
                                                            <h5
                                                                      className="frontPageSection"
                                                            >
                                                                      <big>
                                                                                As a lecturer you can 
                                                                                <strong>
                                                                                          make
                                                                                </strong>
                                                                                 your own queries. 
                                                                                <strong>
                                                                                          Add
                                                                                </strong>
                                                                                 as many questions as you like,
                                                                                <strong>
                                                                                           choose
                                                                                </strong>
                                                                                 between different question types and 
                                                                                <strong>
                                                                                          ask
                                                                                </strong>
                                                                                 your students. Wait and get 
                                                                                <strong>
                                                                                          responses
                                                                                </strong>
                                                                                 from your students on 
                                                                                <strong>
                                                                                          what you want to know
                                                                                </strong>
                                                                                .
                                                                      </big>
                                                            </h5>
                                                  </div>
                                        </div>
                              </div>
                    </div>
                    <Authenticated>
                              <div
                                        className="container"
                              >
                                        <div
                                                  className="col-xs-7"
                                        >
                                                  <div
                                                            className="panel panel-info"
                                                  >
                                                            <div
                                                                      className="panel-heading"
                                                            >
                                                                      <div
                                                                                className=""
                                                                      >
                                                                                <button
                                                                                          className="btn btn-info pull-left"
                                                                                >
                                                                                          Recent feedback
                                                                                </button>
                                                                                <button
                                                                                          className="btn btn-info pull-right"
                                                                                >
                                                                                          Latest responses
                                                                                </button>
                                                                                <button
                                                                                          className="btn btn-info hCenter"
                                                                                >
                                                                                          Most upvoted
                                                                                </button>
                                                                      </div>
                                                            </div>
                                                            <div
                                                                      className="panel-body"
                                                            >
                                                                      <ul
                                                                                className="list-group"
                                                                      >
                                                                                <li
                                                                                          className="list-group-item"
                                                                                >
                                                                                          First
                                                                                </li>
                                                                                <li
                                                                                          className="list-group-item"
                                                                                >
                                                                                          Second
                                                                                </li>
                                                                                <li
                                                                                          className="list-group-item"
                                                                                >
                                                                                          Third
                                                                                </li>
                                                                      </ul>
                                                            </div>
                                                  </div>
                                        </div>
                                        <div
                                                  className="col-xs-5"
                                        >
                                                  <div
                                                            className="panel panel-info"
                                                  >
                                                            <div
                                                                      className="panel-heading"
                                                            >
                                                                      <h3
                                                                                className="panel-title"
                                                                      >
                                                                                User information:
                                                                      </h3>
                                                            </div>
                                                            <div
                                                                      className="panel-body"
                                                            >
                                                                      <table
                                                                                className="table"
                                                                      >
                                                                                <tbody>
                                                                                          <tr>
                                                                                                    <th>
                                                                                                              Name:
                                                                                                    </th>
                                                                                                    <td />
                                                                                          </tr>
                                                                                          <tr>
                                                                                                    <th>
                                                                                                              Email:
                                                                                                    </th>
                                                                                                    <td />
                                                                                          </tr>
                                                                                          <tr>
                                                                                                    <th>
                                                                                                              Position:
                                                                                                    </th>
                                                                                                    <td />
                                                                                          </tr>
                                                                                          <tr>
                                                                                                    <th>
                                                                                                              Member since:
                                                                                                    </th>
                                                                                                    <td />
                                                                                          </tr>
                                                                                </tbody>
                                                                      </table>
                                                            </div>
                                                  </div>
                                        </div>
                              </div>
                    </Authenticated>
                    <NotAuthenticated
                              className="notAuthenticated"
                    >
                              <div
                                        className="col-xs-7"
                              >
                                        <div
                                                  className="panel panel-info"
                                        >
                                                  <div
                                                            className="panel-heading"
                                                  >
                                                            <h4
                                                                      className="text-center"
                                                            >
                                                                      Get started!
                                                            </h4>
                                                  </div>
                                                  <div
                                                            className="panel-body"
                                                  >
                                                            <h5>
                                                                      Start sending feedback to your lecturers, right away!
                                                            </h5>
                                                            <p>
                                                                      <em>
                                                                                Create a user, sign up for courses and send feedback
                                                                      </em>
                                                            </p>
                                                            <Link
                                                                      onlyActiveOnIndex={false}
                                                                      style={Object {}}
                                                                      to="/register"
                                                            >
                                                                      <button
                                                                                className="btn btn-default"
                                                                      >
                                                                                REGISTER
                                                                      </button>
                                                            </Link>
                                                  </div>
                                        </div>
                              </div>
                              <div
                                        className="col-xs-5"
                              >
                                        <div
                                                  className="panel panel-info"
                                        >
                                                  <div
                                                            className="panel-heading"
                                                  >
                                                            <h4
                                                                      className="text-center"
                                                            >
                                                                      Already have a user?
                                                            </h4>
                                                  </div>
                                                  <div
                                                            className="panel-body"
                                                  >
                                                            <p>
                                                                      Let your lecturers know what you think, logg in and start sending feedback now.
                                                            </p>
                                                            <Link
                                                                      onlyActiveOnIndex={false}
                                                                      style={Object {}}
                                                                      to="/login"
                                                            >
                                                                      <button
                                                                                className="btn btn-default"
                                                                      >
                                                                                LOGG INN
                                                                      </button>
                                                            </Link>
                                                  </div>
                                        </div>
                              </div>
                    </NotAuthenticated>
          </div>
</div>,
      },
      "_renderedNodeType": 0,
      "_rootNodeID": 0,
      "_topLevelWrapper": null,
      "_updateBatchNumber": null,
      "_warnedAboutRefsInRender": false,
    },
    "getRenderOutput": [Function],
    "render": [Function],
  },
  "root": [Circular],
  "unrendered": <IndexPage />,
}
`;
