// Jest Snapshot v1, https://goo.gl/fbAQLP

exports[`ResetPasswordPage renders without crashing 1`] = `
<div
  className="container"
>
  <div
    className="row"
  >
    <div
      className="col-xs-12"
    >
      <h3>
        Forgot Password
      </h3>
      <hr />
    </div>
  </div>
  <form
    onSubmit={[Function]}
  >
    <div>
      <div
        className="sp-reset-password-form"
      >
        <div
          className="row"
        >
          <span />
          <div
            className="col-xs-12"
            data-spIf="!form.sent"
          >
            <div
              className="form-horizontal"
            >
              <div
                className="form-group"
              >
                <label
                  className="col-xs-12 col-sm-4 control-label"
                  htmlFor="spEmail"
                >
                  Email or Username
                </label>
                <div
                  className="col-xs-12 col-sm-4"
                >
                  <input
                    className="form-control"
                    defaultValue=""
                    id="spEmail"
                    name="email"
                    onChange={[Function]}
                    placeholder="Your Email Address"
                  />
                </div>
              </div>
              <div
                className="form-group"
              >
                <div
                  className="col-sm-offset-4 col-xs-12"
                >
                  <span />
                  <button
                    className="btn btn-primary"
                    disabled={false}
                    type="submit"
                  >
                    Request Password Reset
                  </button>
                </div>
              </div>
            </div>
          </div>
        </div>
      </div>
    </div>
  </form>
</div>
`;
